// Jest Snapshot v1, https://goo.gl/fbAQLP

exports[`Emoji renders an emoji 1`] = `
<button
  className="interweave-picker__emoji"
  style={{ height: 34, padding: 5, width: 34 }}
  title="cat"
  type="button"
  onClick={func()}
  onMouseEnter={func()}
  onMouseLeave={func()}
>
  <Emoji
    emojiPath="{{hexcode}}"
    emojiSize={24}
    emojiSource={{ compact: false, locale: "en", version: "latest" }}
    hexcode="1F408"
  >
    <img
      alt="🐈️"
      aria-label="cat"
      data-hexcode="1F408"
      data-shortcodes=":cat:"
      data-unicode="🐈️"
      src="1F408"
      style={{ display: "inline-block", verticalAlign: "middle", width: 24, height: 24 }}
      title="cat"
    />
  </Emoji>
</button>
`;
