// Jest Snapshot v1, https://goo.gl/fbAQLP

exports[`EmojiListHeader renders a group list 1`] = `
<header className="interweave-picker__emojis-header">
  <span>Smileys & emotion</span>
</header>
`;
