// Jest Snapshot v1, https://goo.gl/fbAQLP

exports[`Group renders a group 1`] = `
<button
  className="interweave-picker__group"
  title="Smileys & emotion"
  type="button"
  onClick={func()}
>
  ðŸ˜ƒ
</button>
`;
