// Jest Snapshot v1, https://goo.gl/fbAQLP

exports[`GroupTabs renders a list 1`] = `
<nav className="interweave-picker__groups">
  <ul className="interweave-picker__groups-list">
    <li>
      <Group
        active={false}
        commonMode="frequently-used"
        group="smileys-people"
        onSelect={onSelect()}
      >
        <button
          className="interweave-picker__group"
          title="Smileys & People"
          type="button"
          onClick={handleClick()}
        >
          😃
        </button>
      </Group>
    </li>
    <li>
      <Group
        active={false}
        commonMode="frequently-used"
        group="animals-nature"
        onSelect={onSelect()}
      >
        <button
          className="interweave-picker__group"
          title="Animals & Nature"
          type="button"
          onClick={handleClick()}
        >
          🌿
        </button>
      </Group>
    </li>
    <li>
      <Group
        active={false}
        commonMode="frequently-used"
        group="food-drink"
        onSelect={onSelect()}
      >
        <button
          className="interweave-picker__group"
          title="Food & Drink"
          type="button"
          onClick={handleClick()}
        >
          🍎
        </button>
      </Group>
    </li>
    <li>
      <Group
        active={false}
        commonMode="frequently-used"
        group="travel-places"
        onSelect={onSelect()}
      >
        <button
          className="interweave-picker__group"
          title="Travel & Places"
          type="button"
          onClick={handleClick()}
        >
          🗺️
        </button>
      </Group>
    </li>
    <li>
      <Group
        active={false}
        commonMode="frequently-used"
        group="activities"
        onSelect={onSelect()}
      >
        <button
          className="interweave-picker__group"
          title="Activities"
          type="button"
          onClick={handleClick()}
        >
          ⚽️
        </button>
      </Group>
    </li>
    <li>
      <Group
        active={false}
        commonMode="frequently-used"
        group="objects"
        onSelect={onSelect()}
      >
        <button
          className="interweave-picker__group"
          title="Objects"
          type="button"
          onClick={handleClick()}
        >
          📘
        </button>
      </Group>
    </li>
    <li>
      <Group
        active={false}
        commonMode="frequently-used"
        group="symbols"
        onSelect={onSelect()}
      >
        <button
          className="interweave-picker__group"
          title="Symbols"
          type="button"
          onClick={handleClick()}
        >
          ⛔️
        </button>
      </Group>
    </li>
    <li>
      <Group
        active={false}
        commonMode="frequently-used"
        group="flags"
        onSelect={onSelect()}
      >
        <button
          className="interweave-picker__group"
          title="Flags"
          type="button"
          onClick={handleClick()}
        >
          🏴
        </button>
      </Group>
    </li>
  </ul>
</nav>
`;
