// Jest Snapshot v1, https://goo.gl/fbAQLP

exports[`PreviewBar no emoji renders nothing if no preview message or preview element 1`] = `
<section className="interweave-picker__preview">
  
</section>
`;

exports[`PreviewBar renders a preview 1`] = `
<section className="interweave-picker__preview">
  <div className="interweave-picker__preview-emoji">
    <Emoji
      enlargeEmoji
      emojiLargeSize={72}
      emojiPath="{{hexcode}}"
      emojiSource={{ compact: false, locale: "en", version: "0.0.0" }}
      hexcode="1F642"
    >
      <img
        alt="ðŸ™‚"
        aria-label="slightly smiling face"
        data-emoticon=":)"
        data-hexcode="1F642"
        data-shortcodes=":slightly_smiling_face:"
        data-unicode="ðŸ™‚"
        src="1F642"
        style={{ display: "inline-block", verticalAlign: "middle", width: 72, height: 72 }}
        title="slightly smiling face"
      />
    </Emoji>
  </div>
  <div className="interweave-picker__preview-content">
    <div className="interweave-picker__preview-title">
      Slightly smiling face
    </div>
    <div className="interweave-picker__preview-subtitle">
      :) :slightly_smiling_face:
    </div>
  </div>
</section>
`;
