// Jest Snapshot v1, https://goo.gl/fbAQLP

exports[`SkinTonePalette renders a palette 1`] = `
<nav className="interweave-picker__skin-tones">
  <ul className="interweave-picker__skin-tones-list">
    <li>
      <SkinTone active skinTone="none" onSelect={onSelect()}>
        <button
          className="interweave-picker__skin-tone interweave-picker__skin-tone--active"
          data-color="#FFCC22"
          style={{ backgroundColor: "#FFCC22", borderColor: "#FFCC22", color: "#FFCC22" }}
          title="No skin tone"
          type="button"
          onClick={handleClick()}
        >
           
        </button>
      </SkinTone>
    </li>
    <li>
      <SkinTone active={false} skinTone="light" onSelect={onSelect()}>
        <button
          className="interweave-picker__skin-tone"
          data-color="#FADCBC"
          style={{ backgroundColor: "#FADCBC", borderColor: "#FADCBC", color: "#FADCBC" }}
          title="Light skin tone"
          type="button"
          onClick={handleClick()}
        >
           
        </button>
      </SkinTone>
    </li>
    <li>
      <SkinTone active={false} skinTone="medium-light" onSelect={onSelect()}>
        <button
          className="interweave-picker__skin-tone"
          data-color="#E0BB95"
          style={{ backgroundColor: "#E0BB95", borderColor: "#E0BB95", color: "#E0BB95" }}
          title="Medium-light skin tone"
          type="button"
          onClick={handleClick()}
        >
           
        </button>
      </SkinTone>
    </li>
    <li>
      <SkinTone active={false} skinTone="medium" onSelect={onSelect()}>
        <button
          className="interweave-picker__skin-tone"
          data-color="#BF8F68"
          style={{ backgroundColor: "#BF8F68", borderColor: "#BF8F68", color: "#BF8F68" }}
          title="Medium skin tone"
          type="button"
          onClick={handleClick()}
        >
           
        </button>
      </SkinTone>
    </li>
    <li>
      <SkinTone active={false} skinTone="medium-dark" onSelect={onSelect()}>
        <button
          className="interweave-picker__skin-tone"
          data-color="#9B643D"
          style={{ backgroundColor: "#9B643D", borderColor: "#9B643D", color: "#9B643D" }}
          title="Medium-dark skin tone"
          type="button"
          onClick={handleClick()}
        >
           
        </button>
      </SkinTone>
    </li>
    <li>
      <SkinTone active={false} skinTone="dark" onSelect={onSelect()}>
        <button
          className="interweave-picker__skin-tone"
          data-color="#5A463A"
          style={{ backgroundColor: "#5A463A", borderColor: "#5A463A", color: "#5A463A" }}
          title="Dark skin tone"
          type="button"
          onClick={handleClick()}
        >
           
        </button>
      </SkinTone>
    </li>
  </ul>
</nav>
`;
